// Jest Snapshot v1, https://goo.gl/fbAQLP

exports[`<ProductCard /> snapshot 1`] = `
<DocumentFragment>
  <div
    class="ProductCard"
    data-testid="ProductCard"
    role="button"
    tabindex="0"
  >
    <figure
      class="ProgressiveImage imgProduct"
      data-testid="ProgressiveImage"
    >
      <span
        class="overlayImage"
      />
      <img
        alt="Bateria Notebook - Dell Inspiron 14 3442 (14.8v) - Preta"
        src="https://http2.mlstatic.com/D_NQ_NP_600943-MLB31871248861_082019-V.webp"
        title="Bateria Notebook - Dell Inspiron 14 3442 (14.8v) - Preta"
      />
    </figure>
    <div
      class="informations"
    >
      <div
        class="priceContainer"
      >
        <span
          class="Price default"
          data-testid="Price"
        >
          <span
            class="currency"
          >
            R$
          </span>
          <span
            class="amount"
          >
            1.000
          </span>
          <span
            class="decimals"
          >
            12
          </span>
        </span>
      </div>
      <h2>
        Bateria Notebook - Dell Inspiron 14 3442 (14.8v) - Preta
      </h2>
    </div>
    <span
      class="location"
    >
      Rio de Janeiro
    </span>
  </div>
</DocumentFragment>
`;

exports[`<ProductCard /> snapshot with freeShipping 1`] = `
<DocumentFragment>
  <div
    class="ProductCard"
    data-testid="ProductCard"
    role="button"
    tabindex="0"
  >
    <figure
      class="ProgressiveImage imgProduct"
      data-testid="ProgressiveImage"
    >
      <span
        class="overlayImage"
      />
      <img
        alt="Bateria Notebook - Dell Inspiron 14 3442 (14.8v) - Preta"
        src="https://http2.mlstatic.com/D_NQ_NP_600943-MLB31871248861_082019-V.webp"
        title="Bateria Notebook - Dell Inspiron 14 3442 (14.8v) - Preta"
      />
    </figure>
    <div
      class="informations"
    >
      <div
        class="priceContainer"
      >
        <span
          class="Price default"
          data-testid="Price"
        >
          <span
            class="currency"
          >
            R$
          </span>
          <span
            class="amount"
          >
            1.000
          </span>
          <span
            class="decimals"
          >
            12
          </span>
        </span>
        <figure
          class="freeShipping"
          data-testid="FreeShipping"
        >
          <img
            alt="Mercado Livre - Frete GrÃ¡tis"
            class="imgShipping"
            src="ic_shipping.png"
          />
        </figure>
      </div>
      <h2>
        Bateria Notebook - Dell Inspiron 14 3442 (14.8v) - Preta
      </h2>
    </div>
    <span
      class="location"
    >
      Rio de Janeiro
    </span>
  </div>
</DocumentFragment>
`;
