// Jest Snapshot v1, https://goo.gl/fbAQLP

exports[`<Breadcrumb /> snapshot 1`] = `
<DocumentFragment>
  <ol
    class="Breadcrumb"
    data-testid="Breadcrumb"
  >
    <li>
      Vestuário Masculino
    </li>
    <svg
      class="svg-inline--fa fa-angle-right fa-w-6 fa-3x"
      data-icon="angle-right"
      data-prefix="fal"
      viewBox="0 0 192 512"
      xmlns="http://www.w3.org/2000/svg"
    >
      <path
        d="M166.9 264.5l-117.8 116c-4.7 4.7-12.3 4.7-17 0l-7.1-7.1c-4.7-4.7-4.7-12.3 0-17L127.3 256 25.1 155.6c-4.7-4.7-4.7-12.3 0-17l7.1-7.1c4.7-4.7 12.3-4.7 17 0l117.8 116c4.6 4.7 4.6 12.3-.1 17z"
        fill="currentColor"
      />
    </svg>
    <li>
      Calçados
    </li>
    <svg
      class="svg-inline--fa fa-angle-right fa-w-6 fa-3x"
      data-icon="angle-right"
      data-prefix="fal"
      viewBox="0 0 192 512"
      xmlns="http://www.w3.org/2000/svg"
    >
      <path
        d="M166.9 264.5l-117.8 116c-4.7 4.7-12.3 4.7-17 0l-7.1-7.1c-4.7-4.7-4.7-12.3 0-17L127.3 256 25.1 155.6c-4.7-4.7-4.7-12.3 0-17l7.1-7.1c4.7-4.7 12.3-4.7 17 0l117.8 116c4.6 4.7 4.6 12.3-.1 17z"
        fill="currentColor"
      />
    </svg>
    <li>
      Tênis
    </li>
  </ol>
</DocumentFragment>
`;
